C:\Users\km_2\Desktop\PLC Projekty\soft_bellows_plc\Logical\Global.typ
C:\Users\km_2\Desktop\PLC Projekty\soft_bellows_plc\Logical\Global.var
C:\Users\km_2\Desktop\PLC Projekty\soft_bellows_plc\Logical\Libraries\operator\operator.fun
C:\Users\km_2\Desktop\PLC Projekty\soft_bellows_plc\Logical\Libraries\operator\operator.typ
C:\Users\km_2\Desktop\PLC Projekty\soft_bellows_plc\Logical\Libraries\operator\operator.var
C:\Users\km_2\Desktop\PLC Projekty\soft_bellows_plc\Logical\Libraries\runtime\runtime.fun
C:\Users\km_2\Desktop\PLC Projekty\soft_bellows_plc\Logical\Libraries\runtime\runtime.typ
C:\Users\km_2\Desktop\PLC Projekty\soft_bellows_plc\Logical\Libraries\runtime\runtime.var
C:\Users\km_2\Desktop\PLC Projekty\soft_bellows_plc\Logical\Libraries\astime\astime.fun
C:\Users\km_2\Desktop\PLC Projekty\soft_bellows_plc\Logical\Libraries\astime\astime.typ
C:\Users\km_2\Desktop\PLC Projekty\soft_bellows_plc\Logical\Libraries\astime\astime.var
C:\Users\km_2\Desktop\PLC Projekty\soft_bellows_plc\Logical\Libraries\AsIecCon\AsIecCon.fun
C:\Users\km_2\Desktop\PLC Projekty\soft_bellows_plc\Logical\Libraries\AsIecCon\AsIecCon.typ
C:\Users\km_2\Desktop\PLC Projekty\soft_bellows_plc\Logical\Libraries\AsIecCon\AsIecCon.var
C:\Users\km_2\Desktop\PLC Projekty\soft_bellows_plc\Logical\Libraries\Acp10man\Acp10man.typ
C:\Users\km_2\Desktop\PLC Projekty\soft_bellows_plc\Logical\Libraries\Acp10par\Acp10par.var
C:\Users\km_2\Desktop\PLC Projekty\soft_bellows_plc\Logical\Libraries\NcGlobal\NcGlobal.fun
C:\Users\km_2\Desktop\PLC Projekty\soft_bellows_plc\Logical\Libraries\NcGlobal\NcGlobal.typ
C:\Users\km_2\Desktop\PLC Projekty\soft_bellows_plc\Logical\Libraries\NcGlobal\NcGlobal.var
C:\Users\km_2\Desktop\PLC Projekty\soft_bellows_plc\Logical\Libraries\Acp10_MC\acp10_mc.fun
C:\Users\km_2\Desktop\PLC Projekty\soft_bellows_plc\Logical\Libraries\Acp10_MC\acp10_mc.typ
C:\Users\km_2\Desktop\PLC Projekty\soft_bellows_plc\Logical\Libraries\Acp10_MC\acp10_mc.var
C:\Users\km_2\Desktop\PLC Projekty\soft_bellows_plc\Logical\Libraries\sys_lib\sys_lib.fun
C:\Users\km_2\Desktop\PLC Projekty\soft_bellows_plc\Logical\Libraries\sys_lib\sys_lib.typ
C:\Users\km_2\Desktop\PLC Projekty\soft_bellows_plc\Logical\Libraries\sys_lib\sys_lib.var
C:\Users\km_2\Desktop\PLC Projekty\soft_bellows_plc\Logical\Libraries\brsystem\brsystem.fun
C:\Users\km_2\Desktop\PLC Projekty\soft_bellows_plc\Logical\Libraries\brsystem\brsystem.typ
C:\Users\km_2\Desktop\PLC Projekty\soft_bellows_plc\Logical\Libraries\brsystem\brsystem.var
C:\Users\km_2\Desktop\PLC Projekty\soft_bellows_plc\Logical\Libraries\MTLinAlg\MTLinAlg.typ
C:\Users\km_2\Desktop\PLC Projekty\soft_bellows_plc\Logical\Libraries\MTLinAlg\MTLinAlg.var
C:\Users\km_2\Desktop\PLC Projekty\soft_bellows_plc\Logical\Libraries\MTLinAlg\MTLinAlg.fun
C:\Users\km_2\Desktop\PLC Projekty\soft_bellows_plc\Logical\Libraries\AsArLog\AsArLog.fun
C:\Users\km_2\Desktop\PLC Projekty\soft_bellows_plc\Logical\Libraries\AsArLog\AsArLog.typ
C:\Users\km_2\Desktop\PLC Projekty\soft_bellows_plc\Logical\Libraries\AsArLog\AsArLog.var
C:\Users\km_2\Desktop\PLC Projekty\soft_bellows_plc\Logical\Libraries\AsTCP\AsTCP.fun
C:\Users\km_2\Desktop\PLC Projekty\soft_bellows_plc\Logical\Libraries\AsTCP\AsTCP.typ
C:\Users\km_2\Desktop\PLC Projekty\soft_bellows_plc\Logical\Libraries\AsTCP\AsTCP.var
C:\Users\km_2\Desktop\PLC Projekty\soft_bellows_plc\Logical\Libraries\traj_lib\traj_lib.fun
C:\Users\km_2\Desktop\PLC Projekty\soft_bellows_plc\Logical\Libraries\traj_lib\traj_lib.typ
C:\Users\km_2\Desktop\PLC Projekty\soft_bellows_plc\Logical\Libraries\traj_lib\traj_lib.var
C:\Users\km_2\Desktop\PLC Projekty\soft_bellows_plc\Logical\Libraries\pomoc_lib\pomoc_lib.fun
C:\Users\km_2\Desktop\PLC Projekty\soft_bellows_plc\Logical\Libraries\pomoc_lib\pomoc_lib.typ
C:\Users\km_2\Desktop\PLC Projekty\soft_bellows_plc\Logical\Libraries\pomoc_lib\pomoc_lib.var
C:\Users\km_2\Desktop\PLC Projekty\soft_bellows_plc\Logical\Libraries\regulatory\regulatory.fun
C:\Users\km_2\Desktop\PLC Projekty\soft_bellows_plc\Logical\Libraries\regulatory\regulatory.typ
C:\Users\km_2\Desktop\PLC Projekty\soft_bellows_plc\Logical\Libraries\regulatory\regulatory.var
C:\Users\km_2\Desktop\PLC Projekty\soft_bellows_plc\Logical\Libraries\AsUDP\AsUDP.fun
C:\Users\km_2\Desktop\PLC Projekty\soft_bellows_plc\Logical\Libraries\AsUDP\AsUDP.typ
C:\Users\km_2\Desktop\PLC Projekty\soft_bellows_plc\Logical\Libraries\AsUDP\AsUDP.var
C:\Users\km_2\Desktop\PLC Projekty\soft_bellows_plc\Logical\Libraries\asstring\asstring.fun
C:\Users\km_2\Desktop\PLC Projekty\soft_bellows_plc\Logical\Libraries\asstring\asstring.typ
C:\Users\km_2\Desktop\PLC Projekty\soft_bellows_plc\Logical\Libraries\asstring\asstring.var
C:\Users\km_2\Desktop\PLC Projekty\soft_bellows_plc\Logical\Libraries\standard\standard.fun
C:\Users\km_2\Desktop\PLC Projekty\soft_bellows_plc\Logical\Libraries\standard\standard.typ
C:\Users\km_2\Desktop\PLC Projekty\soft_bellows_plc\Logical\Libraries\standard\standard.var
C:\Users\km_2\Desktop\PLC Projekty\soft_bellows_plc\Logical\Source\UDP\LibAsUDP1_ST.typ
C:\Users\km_2\Desktop\PLC Projekty\soft_bellows_plc\Logical\Source\UDP\LibAsUDP1_ST.var
