C:\projects\icra2024_measurements\Logical\Global.typ
C:\projects\icra2024_measurements\Logical\Global.var
C:\projects\icra2024_measurements\Logical\Libraries\operator\operator.fun
C:\projects\icra2024_measurements\Logical\Libraries\operator\operator.typ
C:\projects\icra2024_measurements\Logical\Libraries\operator\operator.var
C:\projects\icra2024_measurements\Logical\Libraries\runtime\runtime.fun
C:\projects\icra2024_measurements\Logical\Libraries\runtime\runtime.typ
C:\projects\icra2024_measurements\Logical\Libraries\runtime\runtime.var
C:\projects\icra2024_measurements\Logical\Libraries\astime\astime.fun
C:\projects\icra2024_measurements\Logical\Libraries\astime\astime.typ
C:\projects\icra2024_measurements\Logical\Libraries\astime\astime.var
C:\projects\icra2024_measurements\Logical\Libraries\AsIecCon\AsIecCon.fun
C:\projects\icra2024_measurements\Logical\Libraries\AsIecCon\AsIecCon.typ
C:\projects\icra2024_measurements\Logical\Libraries\AsIecCon\AsIecCon.var
C:\projects\icra2024_measurements\Logical\Libraries\standard\standard.fun
C:\projects\icra2024_measurements\Logical\Libraries\standard\standard.typ
C:\projects\icra2024_measurements\Logical\Libraries\standard\standard.var
C:\projects\icra2024_measurements\Logical\Libraries\sys_lib\sys_lib.fun
C:\projects\icra2024_measurements\Logical\Libraries\sys_lib\sys_lib.typ
C:\projects\icra2024_measurements\Logical\Libraries\sys_lib\sys_lib.var
